// Jest Snapshot v1, https://goo.gl/fbAQLP

exports[`Test Language Should open language burger 1`] = `
{
  "asFragment": [Function],
  "baseElement": <body>
    <div>
      <nav
        class="language__navigation"
        data-testid="language"
        tabindex="0"
      >
        <div
          class="header__language"
        >
          <div
            data-testid="language__current"
          >
            ua
          </div>
          <svg
            fill="black"
            height="10"
            viewBox="0 0 20 20"
            width="10"
          >
            <path
              d="M0 7 L 20 7 L 10 16"
            />
          </svg>
        </div>
        <div
          class="header__language__content"
          data-testid="language__burger"
          style="clip-path: inset(0% 0% 0% 0% round 10px);"
        >
          <div
            data-testid="languages"
          >
            en
          </div>
          <div
            data-testid="languages"
          >
            ru
          </div>
          <div
            data-testid="languages"
          >
            ua
          </div>
        </div>
      </nav>
    </div>
  </body>,
  "container": <div>
    <nav
      class="language__navigation"
      data-testid="language"
      tabindex="0"
    >
      <div
        class="header__language"
      >
        <div
          data-testid="language__current"
        >
          ua
        </div>
        <svg
          fill="black"
          height="10"
          viewBox="0 0 20 20"
          width="10"
        >
          <path
            d="M0 7 L 20 7 L 10 16"
          />
        </svg>
      </div>
      <div
        class="header__language__content"
        data-testid="language__burger"
        style="clip-path: inset(0% 0% 0% 0% round 10px);"
      >
        <div
          data-testid="languages"
        >
          en
        </div>
        <div
          data-testid="languages"
        >
          ru
        </div>
        <div
          data-testid="languages"
        >
          ua
        </div>
      </div>
    </nav>
  </div>,
  "debug": [Function],
  "findAllByAltText": [Function],
  "findAllByDisplayValue": [Function],
  "findAllByLabelText": [Function],
  "findAllByPlaceholderText": [Function],
  "findAllByRole": [Function],
  "findAllByTestId": [Function],
  "findAllByText": [Function],
  "findAllByTitle": [Function],
  "findByAltText": [Function],
  "findByDisplayValue": [Function],
  "findByLabelText": [Function],
  "findByPlaceholderText": [Function],
  "findByRole": [Function],
  "findByTestId": [Function],
  "findByText": [Function],
  "findByTitle": [Function],
  "getAllByAltText": [Function],
  "getAllByDisplayValue": [Function],
  "getAllByLabelText": [Function],
  "getAllByPlaceholderText": [Function],
  "getAllByRole": [Function],
  "getAllByTestId": [Function],
  "getAllByText": [Function],
  "getAllByTitle": [Function],
  "getByAltText": [Function],
  "getByDisplayValue": [Function],
  "getByLabelText": [Function],
  "getByPlaceholderText": [Function],
  "getByRole": [Function],
  "getByTestId": [Function],
  "getByText": [Function],
  "getByTitle": [Function],
  "queryAllByAltText": [Function],
  "queryAllByDisplayValue": [Function],
  "queryAllByLabelText": [Function],
  "queryAllByPlaceholderText": [Function],
  "queryAllByRole": [Function],
  "queryAllByTestId": [Function],
  "queryAllByText": [Function],
  "queryAllByTitle": [Function],
  "queryByAltText": [Function],
  "queryByDisplayValue": [Function],
  "queryByLabelText": [Function],
  "queryByPlaceholderText": [Function],
  "queryByRole": [Function],
  "queryByTestId": [Function],
  "queryByText": [Function],
  "queryByTitle": [Function],
  "rerender": [Function],
  "unmount": [Function],
}
`;
